// Jest Snapshot v1, https://goo.gl/fbAQLP

exports[`Testing VideoListEntry.... renders the VideoListEntry companent 1`] = `
ShallowWrapper {
  "length": 1,
  Symbol(enzyme.__root__): [Circular],
  Symbol(enzyme.__unrendered__): <VideoListEntry
    handleSelectedVideo={[MockFunction]}
    video={
      Object {
        "snippet": Object {
          "description": "video snippet description",
          "thumbnails": Object {
            "default": Object {
              "url": "youtube.com",
            },
          },
          "title": "video snippet title",
        },
      }
    }
  />,
  Symbol(enzyme.__renderer__): Object {
    "batchedUpdates": [Function],
    "getNode": [Function],
    "render": [Function],
    "simulateEvent": [Function],
    "unmount": [Function],
  },
  Symbol(enzyme.__node__): Object {
    "instance": null,
    "key": undefined,
    "nodeType": "host",
    "props": Object {
      "children": <div
        className="media"
      >
        <div
          className="media-left media-middle"
        >
          <img
            className="media-object"
            src="youtube.com"
          />
        </div>
        <div
          className="media-body"
        >
          <h4
            className="media-heading"
            onClick={[Function]}
          >
            video snippet title
          </h4>
          <p
            className="media-description"
          >
            video snippet description
          </p>
        </div>
      </div>,
      "className": "videoListEntry",
    },
    "ref": null,
    "rendered": Object {
      "instance": null,
      "key": undefined,
      "nodeType": "host",
      "props": Object {
        "children": Array [
          <div
            className="media-left media-middle"
          >
            <img
              className="media-object"
              src="youtube.com"
            />
          </div>,
          <div
            className="media-body"
          >
            <h4
              className="media-heading"
              onClick={[Function]}
            >
              video snippet title
            </h4>
            <p
              className="media-description"
            >
              video snippet description
            </p>
          </div>,
        ],
        "className": "media",
      },
      "ref": null,
      "rendered": Array [
        Object {
          "instance": null,
          "key": undefined,
          "nodeType": "host",
          "props": Object {
            "children": <img
              className="media-object"
              src="youtube.com"
            />,
            "className": "media-left media-middle",
          },
          "ref": null,
          "rendered": Object {
            "instance": null,
            "key": undefined,
            "nodeType": "host",
            "props": Object {
              "className": "media-object",
              "src": "youtube.com",
            },
            "ref": null,
            "rendered": null,
            "type": "img",
          },
          "type": "div",
        },
        Object {
          "instance": null,
          "key": undefined,
          "nodeType": "host",
          "props": Object {
            "children": Array [
              <h4
                className="media-heading"
                onClick={[Function]}
              >
                video snippet title
              </h4>,
              <p
                className="media-description"
              >
                video snippet description
              </p>,
            ],
            "className": "media-body",
          },
          "ref": null,
          "rendered": Array [
            Object {
              "instance": null,
              "key": undefined,
              "nodeType": "host",
              "props": Object {
                "children": "video snippet title",
                "className": "media-heading",
                "onClick": [Function],
              },
              "ref": null,
              "rendered": "video snippet title",
              "type": "h4",
            },
            Object {
              "instance": null,
              "key": undefined,
              "nodeType": "host",
              "props": Object {
                "children": "video snippet description",
                "className": "media-description",
              },
              "ref": null,
              "rendered": "video snippet description",
              "type": "p",
            },
          ],
          "type": "div",
        },
      ],
      "type": "div",
    },
    "type": "div",
  },
  Symbol(enzyme.__nodes__): Array [
    Object {
      "instance": null,
      "key": undefined,
      "nodeType": "host",
      "props": Object {
        "children": <div
          className="media"
        >
          <div
            className="media-left media-middle"
          >
            <img
              className="media-object"
              src="youtube.com"
            />
          </div>
          <div
            className="media-body"
          >
            <h4
              className="media-heading"
              onClick={[Function]}
            >
              video snippet title
            </h4>
            <p
              className="media-description"
            >
              video snippet description
            </p>
          </div>
        </div>,
        "className": "videoListEntry",
      },
      "ref": null,
      "rendered": Object {
        "instance": null,
        "key": undefined,
        "nodeType": "host",
        "props": Object {
          "children": Array [
            <div
              className="media-left media-middle"
            >
              <img
                className="media-object"
                src="youtube.com"
              />
            </div>,
            <div
              className="media-body"
            >
              <h4
                className="media-heading"
                onClick={[Function]}
              >
                video snippet title
              </h4>
              <p
                className="media-description"
              >
                video snippet description
              </p>
            </div>,
          ],
          "className": "media",
        },
        "ref": null,
        "rendered": Array [
          Object {
            "instance": null,
            "key": undefined,
            "nodeType": "host",
            "props": Object {
              "children": <img
                className="media-object"
                src="youtube.com"
              />,
              "className": "media-left media-middle",
            },
            "ref": null,
            "rendered": Object {
              "instance": null,
              "key": undefined,
              "nodeType": "host",
              "props": Object {
                "className": "media-object",
                "src": "youtube.com",
              },
              "ref": null,
              "rendered": null,
              "type": "img",
            },
            "type": "div",
          },
          Object {
            "instance": null,
            "key": undefined,
            "nodeType": "host",
            "props": Object {
              "children": Array [
                <h4
                  className="media-heading"
                  onClick={[Function]}
                >
                  video snippet title
                </h4>,
                <p
                  className="media-description"
                >
                  video snippet description
                </p>,
              ],
              "className": "media-body",
            },
            "ref": null,
            "rendered": Array [
              Object {
                "instance": null,
                "key": undefined,
                "nodeType": "host",
                "props": Object {
                  "children": "video snippet title",
                  "className": "media-heading",
                  "onClick": [Function],
                },
                "ref": null,
                "rendered": "video snippet title",
                "type": "h4",
              },
              Object {
                "instance": null,
                "key": undefined,
                "nodeType": "host",
                "props": Object {
                  "children": "video snippet description",
                  "className": "media-description",
                },
                "ref": null,
                "rendered": "video snippet description",
                "type": "p",
              },
            ],
            "type": "div",
          },
        ],
        "type": "div",
      },
      "type": "div",
    },
  ],
  Symbol(enzyme.__options__): Object {
    "adapter": ReactSixteenAdapter {
      "options": Object {
        "enableComponentDidUpdateOnSetState": true,
      },
    },
  },
}
`;
